Archive member included to satisfy reference by file (symbol)

c:/program files/microchip/xc8/v2.31/avr/bin/../lib/gcc/avr/5.4.0/avr5/memx-const\libgcc.a(_exit.o)
                              C:/Program Files (x86)/Atmel/Studio/7.0/Packs/atmel/ATmega_DFP/1.6.364/xc8/avr/lib/avr5/memx-const/crtatmega328p.o (exit)
c:/program files/microchip/xc8/v2.31/avr/bin/../lib/gcc/avr/5.4.0/avr5/memx-const\libgcc.a(_tablejump2.o)
                              main.o (__tablejump2__)
c:/program files/microchip/xc8/v2.31/avr/bin/../lib/gcc/avr/5.4.0/avr5/memx-const\libgcc.a(_copy_data.o)
                              main.o (__do_copy_data)
c:/program files/microchip/xc8/v2.31/avr/bin/../lib/gcc/avr/5.4.0/avr5/memx-const\libgcc.a(_muluhisi3.o)
                              main.o (__muluhisi3)
c:/program files/microchip/xc8/v2.31/avr/bin/../lib/gcc/avr/5.4.0/avr5/memx-const\libgcc.a(_movmemx.o)
                              main.o (__movmemx_qi)
c:/program files/microchip/xc8/v2.31/avr/bin/../lib/gcc/avr/5.4.0/avr5/memx-const\libgcc.a(_umulhisi3.o)
                              c:/program files/microchip/xc8/v2.31/avr/bin/../lib/gcc/avr/5.4.0/avr5/memx-const\libgcc.a(_muluhisi3.o) (__umulhisi3)

Allocating common symbols
Common symbol       size              file

valor_pinod         0x2               main.o
auxChar             0xf               main.o
addr_senha          0x2               main.o
senha_inserida      0x5               main.o

Discarded input sections

 .data          0x0000000000000000        0x0 C:/Program Files (x86)/Atmel/Studio/7.0/Packs/atmel/ATmega_DFP/1.6.364/xc8/avr/lib/avr5/memx-const/crtatmega328p.o
 .bss           0x0000000000000000        0x0 C:/Program Files (x86)/Atmel/Studio/7.0/Packs/atmel/ATmega_DFP/1.6.364/xc8/avr/lib/avr5/memx-const/crtatmega328p.o
 .text          0x0000000000000000        0x0 main.o
 .data          0x0000000000000000        0x0 main.o
 .bss           0x0000000000000000        0x0 main.o
 .text.passarValor
                0x0000000000000000       0x42 main.o
 .bss.cont_1    0x0000000000000000        0x2 main.o
 .text          0x0000000000000000        0x0 c:/program files/microchip/xc8/v2.31/avr/bin/../lib/gcc/avr/5.4.0/avr5/memx-const\libgcc.a(_exit.o)
 .data          0x0000000000000000        0x0 c:/program files/microchip/xc8/v2.31/avr/bin/../lib/gcc/avr/5.4.0/avr5/memx-const\libgcc.a(_exit.o)
 .bss           0x0000000000000000        0x0 c:/program files/microchip/xc8/v2.31/avr/bin/../lib/gcc/avr/5.4.0/avr5/memx-const\libgcc.a(_exit.o)
 .text.libgcc.mul
                0x0000000000000000        0x0 c:/program files/microchip/xc8/v2.31/avr/bin/../lib/gcc/avr/5.4.0/avr5/memx-const\libgcc.a(_exit.o)
 .text.libgcc.div
                0x0000000000000000        0x0 c:/program files/microchip/xc8/v2.31/avr/bin/../lib/gcc/avr/5.4.0/avr5/memx-const\libgcc.a(_exit.o)
 .text.libgcc   0x0000000000000000        0x0 c:/program files/microchip/xc8/v2.31/avr/bin/../lib/gcc/avr/5.4.0/avr5/memx-const\libgcc.a(_exit.o)
 .text.libgcc.prologue
                0x0000000000000000        0x0 c:/program files/microchip/xc8/v2.31/avr/bin/../lib/gcc/avr/5.4.0/avr5/memx-const\libgcc.a(_exit.o)
 .text.libgcc.builtins
                0x0000000000000000        0x0 c:/program files/microchip/xc8/v2.31/avr/bin/../lib/gcc/avr/5.4.0/avr5/memx-const\libgcc.a(_exit.o)
 .text.libgcc.fmul
                0x0000000000000000        0x0 c:/program files/microchip/xc8/v2.31/avr/bin/../lib/gcc/avr/5.4.0/avr5/memx-const\libgcc.a(_exit.o)
 .text.libgcc.fixed
                0x0000000000000000        0x0 c:/program files/microchip/xc8/v2.31/avr/bin/../lib/gcc/avr/5.4.0/avr5/memx-const\libgcc.a(_exit.o)
 .text          0x0000000000000000        0x0 c:/program files/microchip/xc8/v2.31/avr/bin/../lib/gcc/avr/5.4.0/avr5/memx-const\libgcc.a(_tablejump2.o)
 .data          0x0000000000000000        0x0 c:/program files/microchip/xc8/v2.31/avr/bin/../lib/gcc/avr/5.4.0/avr5/memx-const\libgcc.a(_tablejump2.o)
 .bss           0x0000000000000000        0x0 c:/program files/microchip/xc8/v2.31/avr/bin/../lib/gcc/avr/5.4.0/avr5/memx-const\libgcc.a(_tablejump2.o)
 .text.libgcc.mul
                0x0000000000000000        0x0 c:/program files/microchip/xc8/v2.31/avr/bin/../lib/gcc/avr/5.4.0/avr5/memx-const\libgcc.a(_tablejump2.o)
 .text.libgcc.div
                0x0000000000000000        0x0 c:/program files/microchip/xc8/v2.31/avr/bin/../lib/gcc/avr/5.4.0/avr5/memx-const\libgcc.a(_tablejump2.o)
 .text.libgcc.prologue
                0x0000000000000000        0x0 c:/program files/microchip/xc8/v2.31/avr/bin/../lib/gcc/avr/5.4.0/avr5/memx-const\libgcc.a(_tablejump2.o)
 .text.libgcc.builtins
                0x0000000000000000        0x0 c:/program files/microchip/xc8/v2.31/avr/bin/../lib/gcc/avr/5.4.0/avr5/memx-const\libgcc.a(_tablejump2.o)
 .text.libgcc.fmul
                0x0000000000000000        0x0 c:/program files/microchip/xc8/v2.31/avr/bin/../lib/gcc/avr/5.4.0/avr5/memx-const\libgcc.a(_tablejump2.o)
 .text.libgcc.fixed
                0x0000000000000000        0x0 c:/program files/microchip/xc8/v2.31/avr/bin/../lib/gcc/avr/5.4.0/avr5/memx-const\libgcc.a(_tablejump2.o)
 .text          0x0000000000000000        0x0 c:/program files/microchip/xc8/v2.31/avr/bin/../lib/gcc/avr/5.4.0/avr5/memx-const\libgcc.a(_copy_data.o)
 .data          0x0000000000000000        0x0 c:/program files/microchip/xc8/v2.31/avr/bin/../lib/gcc/avr/5.4.0/avr5/memx-const\libgcc.a(_copy_data.o)
 .bss           0x0000000000000000        0x0 c:/program files/microchip/xc8/v2.31/avr/bin/../lib/gcc/avr/5.4.0/avr5/memx-const\libgcc.a(_copy_data.o)
 .text.libgcc.mul
                0x0000000000000000        0x0 c:/program files/microchip/xc8/v2.31/avr/bin/../lib/gcc/avr/5.4.0/avr5/memx-const\libgcc.a(_copy_data.o)
 .text.libgcc.div
                0x0000000000000000        0x0 c:/program files/microchip/xc8/v2.31/avr/bin/../lib/gcc/avr/5.4.0/avr5/memx-const\libgcc.a(_copy_data.o)
 .text.libgcc   0x0000000000000000        0x0 c:/program files/microchip/xc8/v2.31/avr/bin/../lib/gcc/avr/5.4.0/avr5/memx-const\libgcc.a(_copy_data.o)
 .text.libgcc.prologue
                0x0000000000000000        0x0 c:/program files/microchip/xc8/v2.31/avr/bin/../lib/gcc/avr/5.4.0/avr5/memx-const\libgcc.a(_copy_data.o)
 .text.libgcc.builtins
                0x0000000000000000        0x0 c:/program files/microchip/xc8/v2.31/avr/bin/../lib/gcc/avr/5.4.0/avr5/memx-const\libgcc.a(_copy_data.o)
 .text.libgcc.fmul
                0x0000000000000000        0x0 c:/program files/microchip/xc8/v2.31/avr/bin/../lib/gcc/avr/5.4.0/avr5/memx-const\libgcc.a(_copy_data.o)
 .text.libgcc.fixed
                0x0000000000000000        0x0 c:/program files/microchip/xc8/v2.31/avr/bin/../lib/gcc/avr/5.4.0/avr5/memx-const\libgcc.a(_copy_data.o)
 .text          0x0000000000000000        0x0 c:/program files/microchip/xc8/v2.31/avr/bin/../lib/gcc/avr/5.4.0/avr5/memx-const\libgcc.a(_muluhisi3.o)
 .data          0x0000000000000000        0x0 c:/program files/microchip/xc8/v2.31/avr/bin/../lib/gcc/avr/5.4.0/avr5/memx-const\libgcc.a(_muluhisi3.o)
 .bss           0x0000000000000000        0x0 c:/program files/microchip/xc8/v2.31/avr/bin/../lib/gcc/avr/5.4.0/avr5/memx-const\libgcc.a(_muluhisi3.o)
 .text.libgcc.div
                0x0000000000000000        0x0 c:/program files/microchip/xc8/v2.31/avr/bin/../lib/gcc/avr/5.4.0/avr5/memx-const\libgcc.a(_muluhisi3.o)
 .text.libgcc   0x0000000000000000        0x0 c:/program files/microchip/xc8/v2.31/avr/bin/../lib/gcc/avr/5.4.0/avr5/memx-const\libgcc.a(_muluhisi3.o)
 .text.libgcc.prologue
                0x0000000000000000        0x0 c:/program files/microchip/xc8/v2.31/avr/bin/../lib/gcc/avr/5.4.0/avr5/memx-const\libgcc.a(_muluhisi3.o)
 .text.libgcc.builtins
                0x0000000000000000        0x0 c:/program files/microchip/xc8/v2.31/avr/bin/../lib/gcc/avr/5.4.0/avr5/memx-const\libgcc.a(_muluhisi3.o)
 .text.libgcc.fmul
                0x0000000000000000        0x0 c:/program files/microchip/xc8/v2.31/avr/bin/../lib/gcc/avr/5.4.0/avr5/memx-const\libgcc.a(_muluhisi3.o)
 .text.libgcc.fixed
                0x0000000000000000        0x0 c:/program files/microchip/xc8/v2.31/avr/bin/../lib/gcc/avr/5.4.0/avr5/memx-const\libgcc.a(_muluhisi3.o)
 .text          0x0000000000000000        0x0 c:/program files/microchip/xc8/v2.31/avr/bin/../lib/gcc/avr/5.4.0/avr5/memx-const\libgcc.a(_movmemx.o)
 .data          0x0000000000000000        0x0 c:/program files/microchip/xc8/v2.31/avr/bin/../lib/gcc/avr/5.4.0/avr5/memx-const\libgcc.a(_movmemx.o)
 .bss           0x0000000000000000        0x0 c:/program files/microchip/xc8/v2.31/avr/bin/../lib/gcc/avr/5.4.0/avr5/memx-const\libgcc.a(_movmemx.o)
 .text.libgcc.mul
                0x0000000000000000        0x0 c:/program files/microchip/xc8/v2.31/avr/bin/../lib/gcc/avr/5.4.0/avr5/memx-const\libgcc.a(_movmemx.o)
 .text.libgcc.div
                0x0000000000000000        0x0 c:/program files/microchip/xc8/v2.31/avr/bin/../lib/gcc/avr/5.4.0/avr5/memx-const\libgcc.a(_movmemx.o)
 .text.libgcc.prologue
                0x0000000000000000        0x0 c:/program files/microchip/xc8/v2.31/avr/bin/../lib/gcc/avr/5.4.0/avr5/memx-const\libgcc.a(_movmemx.o)
 .text.libgcc.builtins
                0x0000000000000000        0x0 c:/program files/microchip/xc8/v2.31/avr/bin/../lib/gcc/avr/5.4.0/avr5/memx-const\libgcc.a(_movmemx.o)
 .text.libgcc.fmul
                0x0000000000000000        0x0 c:/program files/microchip/xc8/v2.31/avr/bin/../lib/gcc/avr/5.4.0/avr5/memx-const\libgcc.a(_movmemx.o)
 .text.libgcc.fixed
                0x0000000000000000        0x0 c:/program files/microchip/xc8/v2.31/avr/bin/../lib/gcc/avr/5.4.0/avr5/memx-const\libgcc.a(_movmemx.o)
 .text          0x0000000000000000        0x0 c:/program files/microchip/xc8/v2.31/avr/bin/../lib/gcc/avr/5.4.0/avr5/memx-const\libgcc.a(_umulhisi3.o)
 .data          0x0000000000000000        0x0 c:/program files/microchip/xc8/v2.31/avr/bin/../lib/gcc/avr/5.4.0/avr5/memx-const\libgcc.a(_umulhisi3.o)
 .bss           0x0000000000000000        0x0 c:/program files/microchip/xc8/v2.31/avr/bin/../lib/gcc/avr/5.4.0/avr5/memx-const\libgcc.a(_umulhisi3.o)
 .text.libgcc.div
                0x0000000000000000        0x0 c:/program files/microchip/xc8/v2.31/avr/bin/../lib/gcc/avr/5.4.0/avr5/memx-const\libgcc.a(_umulhisi3.o)
 .text.libgcc   0x0000000000000000        0x0 c:/program files/microchip/xc8/v2.31/avr/bin/../lib/gcc/avr/5.4.0/avr5/memx-const\libgcc.a(_umulhisi3.o)
 .text.libgcc.prologue
                0x0000000000000000        0x0 c:/program files/microchip/xc8/v2.31/avr/bin/../lib/gcc/avr/5.4.0/avr5/memx-const\libgcc.a(_umulhisi3.o)
 .text.libgcc.builtins
                0x0000000000000000        0x0 c:/program files/microchip/xc8/v2.31/avr/bin/../lib/gcc/avr/5.4.0/avr5/memx-const\libgcc.a(_umulhisi3.o)
 .text.libgcc.fmul
                0x0000000000000000        0x0 c:/program files/microchip/xc8/v2.31/avr/bin/../lib/gcc/avr/5.4.0/avr5/memx-const\libgcc.a(_umulhisi3.o)
 .text.libgcc.fixed
                0x0000000000000000        0x0 c:/program files/microchip/xc8/v2.31/avr/bin/../lib/gcc/avr/5.4.0/avr5/memx-const\libgcc.a(_umulhisi3.o)

Memory Configuration

Name             Origin             Length             Attributes
text             0x0000000000000000 0x0000000000008000 xr
data             0x0000000000800100 0x0000000000000800 rw !x
eeprom           0x0000000000810000 0x0000000000000400 rw !x
fuse             0x0000000000820000 0x0000000000000003 rw !x
lock             0x0000000000830000 0x0000000000000400 rw !x
signature        0x0000000000840000 0x0000000000000400 rw !x
user_signatures  0x0000000000850000 0x0000000000000400 rw !x
*default*        0x0000000000000000 0xffffffffffffffff

Linker script and memory map

Address of section .data set to 0x800100
LOAD C:/Program Files (x86)/Atmel/Studio/7.0/Packs/atmel/ATmega_DFP/1.6.364/xc8/avr/lib/avr5/memx-const/crtatmega328p.o
LOAD main.o
START GROUP
LOAD c:/program files/microchip/xc8/v2.31/avr/bin/../lib/gcc/avr/5.4.0/../../../../avr/lib/avr5/memx-const\libm.a
END GROUP
START GROUP
LOAD c:/program files/microchip/xc8/v2.31/avr/bin/../lib/gcc/avr/5.4.0/avr5/memx-const\libgcc.a
LOAD c:/program files/microchip/xc8/v2.31/avr/bin/../lib/gcc/avr/5.4.0/../../../../avr/lib/avr5/memx-const\libm.a
LOAD c:/program files/microchip/xc8/v2.31/avr/bin/../lib/gcc/avr/5.4.0/../../../../avr/lib/avr5/memx-const\libc.a
LOAD C:/Program Files (x86)/Atmel/Studio/7.0/Packs/atmel/ATmega_DFP/1.6.364/xc8/avr/lib/avr5/memx-const\libatmega328p.a
END GROUP
                0x0000000000000000                __TEXT_REGION_ORIGIN__ = DEFINED (__TEXT_REGION_ORIGIN__)?__TEXT_REGION_ORIGIN__:0x0
                [0x0000000000800100]                __DATA_REGION_ORIGIN__ = DEFINED (__DATA_REGION_ORIGIN__)?__DATA_REGION_ORIGIN__:0x800060
                [0x0000000000008000]                __TEXT_REGION_LENGTH__ = DEFINED (__TEXT_REGION_LENGTH__)?__TEXT_REGION_LENGTH__:0x20000
                [0x0000000000000800]                __DATA_REGION_LENGTH__ = DEFINED (__DATA_REGION_LENGTH__)?__DATA_REGION_LENGTH__:0xffa0
                [0x0000000000000400]                __EEPROM_REGION_LENGTH__ = DEFINED (__EEPROM_REGION_LENGTH__)?__EEPROM_REGION_LENGTH__:0x10000
                [0x0000000000000003]                __FUSE_REGION_LENGTH__ = DEFINED (__FUSE_REGION_LENGTH__)?__FUSE_REGION_LENGTH__:0x400
                0x0000000000000400                __LOCK_REGION_LENGTH__ = DEFINED (__LOCK_REGION_LENGTH__)?__LOCK_REGION_LENGTH__:0x400
                0x0000000000000400                __SIGNATURE_REGION_LENGTH__ = DEFINED (__SIGNATURE_REGION_LENGTH__)?__SIGNATURE_REGION_LENGTH__:0x400
                0x0000000000000400                __USER_SIGNATURE_REGION_LENGTH__ = DEFINED (__USER_SIGNATURE_REGION_LENGTH__)?__USER_SIGNATURE_REGION_LENGTH__:0x400

.hash
 *(.hash)

.dynsym
 *(.dynsym)

.dynstr
 *(.dynstr)

.gnu.version
 *(.gnu.version)

.gnu.version_d
 *(.gnu.version_d)

.gnu.version_r
 *(.gnu.version_r)

.rel.init
 *(.rel.init)

.rela.init
 *(.rela.init)

.rel.text
 *(.rel.text)
 *(.rel.text.*)
 *(.rel.gnu.linkonce.t*)

.rela.text
 *(.rela.text)
 *(.rela.text.*)
 *(.rela.gnu.linkonce.t*)

.rel.fini
 *(.rel.fini)

.rela.fini
 *(.rela.fini)

.rel.rodata
 *(.rel.rodata)
 *(.rel.rodata.*)
 *(.rel.gnu.linkonce.r*)

.rela.rodata
 *(.rela.rodata)
 *(.rela.rodata.*)
 *(.rela.gnu.linkonce.r*)

.rel.data
 *(.rel.data)
 *(.rel.data.*)
 *(.rel.gnu.linkonce.d*)

.rela.data
 *(.rela.data)
 *(.rela.data.*)
 *(.rela.gnu.linkonce.d*)

.rel.ctors
 *(.rel.ctors)

.rela.ctors
 *(.rela.ctors)

.rel.dtors
 *(.rel.dtors)

.rela.dtors
 *(.rela.dtors)

.rel.got
 *(.rel.got)

.rela.got
 *(.rela.got)

.rel.bss
 *(.rel.bss)

.rela.bss
 *(.rela.bss)

.rel.plt
 *(.rel.plt)

.rela.plt
 *(.rela.plt)

.text           0x0000000000000000       0xf4
 *(.vectors)
 .vectors       0x0000000000000000       0x68 C:/Program Files (x86)/Atmel/Studio/7.0/Packs/atmel/ATmega_DFP/1.6.364/xc8/avr/lib/avr5/memx-const/crtatmega328p.o
                0x0000000000000000                __vector_default
                0x0000000000000000                __vectors
 *(.vectors)
 *(.progmem.gcc*)
 .progmem.gcc_sw_table.main
                0x0000000000000068       0x26 main.o
 *(.dinit)
 .dinit         0x000000000000008e       0x11 data_init
                0x00000000000000a0                . = ALIGN (0x2)
 *fill*         0x000000000000009f        0x1 
                0x00000000000000a0                __trampolines_start = .
 *(.trampolines)
 .trampolines   0x00000000000000a0        0x0 linker stubs
 *(.trampolines*)
                0x00000000000000a0                __trampolines_end = .
 *libprintf_flt.a:*(.progmem.data)
 *libc.a:*(.progmem.data)
                0x00000000000000a0                . = ALIGN (0x2)
 *(.jumptables)
 *(.jumptables*)
 *(.lowtext)
 *(.lowtext*)
                0x00000000000000a0                __ctors_start = .
 *(.ctors)
                0x00000000000000a0                __ctors_end = .
                0x00000000000000a0                __dtors_start = .
 *(.dtors)
                0x00000000000000a0                __dtors_end = .
 SORT(*)(.ctors)
 SORT(*)(.dtors)
 *(.init0)
 .init0         0x00000000000000a0        0x0 C:/Program Files (x86)/Atmel/Studio/7.0/Packs/atmel/ATmega_DFP/1.6.364/xc8/avr/lib/avr5/memx-const/crtatmega328p.o
                0x00000000000000a0                __init
 *(.init0)
 *(.init1)
 *(.init1)
 *(.init2)
 .init2         0x00000000000000a0        0xc C:/Program Files (x86)/Atmel/Studio/7.0/Packs/atmel/ATmega_DFP/1.6.364/xc8/avr/lib/avr5/memx-const/crtatmega328p.o
 *(.init2)
 *(.init3)
 *(.init3)
 *(.init4)
 .init4         0x00000000000000ac       0x3c c:/program files/microchip/xc8/v2.31/avr/bin/../lib/gcc/avr/5.4.0/avr5/memx-const\libgcc.a(_copy_data.o)
                0x00000000000000ac                __do_copy_data
                0x00000000000000da                __do_clear_bss
 *(.init4)
 *(.init5)
 *(.init5)
 *(.init6)
 *(.init6)
 *(.init7)
 *(.init7)
 *(.init8)
 *(.init8)
 *(.init9)
 .init9         0x00000000000000e8        0x8 C:/Program Files (x86)/Atmel/Studio/7.0/Packs/atmel/ATmega_DFP/1.6.364/xc8/avr/lib/avr5/memx-const/crtatmega328p.o
 *(.init9)
                0x00000000000000f0                . = ALIGN (0x2)
 *(.fini9)
 .fini9         0x00000000000000f0        0x0 c:/program files/microchip/xc8/v2.31/avr/bin/../lib/gcc/avr/5.4.0/avr5/memx-const\libgcc.a(_exit.o)
                0x00000000000000f0                _exit
                0x00000000000000f0                exit
 *(.fini9)
 *(.fini8)
 *(.fini8)
 *(.fini7)
 *(.fini7)
 *(.fini6)
 *(.fini6)
 *(.fini5)
 *(.fini5)
 *(.fini4)
 *(.fini4)
 *(.fini3)
 *(.fini3)
 *(.fini2)
 *(.fini2)
 *(.fini1)
 *(.fini1)
 *(.fini0)
 .fini0         0x00000000000000f0        0x4 c:/program files/microchip/xc8/v2.31/avr/bin/../lib/gcc/avr/5.4.0/avr5/memx-const\libgcc.a(_exit.o)
 *(.fini0)
                0x00000000000000f4                _etext = .

.data           0x0000000000800100        0x0 load address 0x00000000000000f4
                [!provide]                        PROVIDE (__data_start, .)
 *(.gnu.linkonce.d*)
 *(.gnu.linkonce.r*)
                0x0000000000800100                . = ALIGN (0x2)
                0x0000000000800100                _edata = .
                [!provide]                        PROVIDE (__data_end, .)

.bss            0x0000000000800100       0x18
                [!provide]                        PROVIDE (__bss_start, .)
 *(COMMON)
 COMMON         0x0000000000800100       0x18 main.o
                0x0000000000800100                valor_pinod
                0x0000000000800102                auxChar
                0x0000000000800111                addr_senha
                0x0000000000800113                senha_inserida
                [!provide]                        PROVIDE (__bss_end, .)
                0x00000000000000f4                __data_load_start = LOADADDR (.data)
                0x00000000000000f4                __data_load_end = (__data_load_start + SIZEOF (.data))

.noinit         0x0000000000800118        0x0
                [!provide]                        PROVIDE (__noinit_start, .)
 *(.noinit*)
                [!provide]                        PROVIDE (__noinit_end, .)
                0x0000000000800118                _end = .

.eeprom         0x0000000000810000        0x0
 *(.eeprom*)
                0x0000000000810000                __eeprom_end = .

.fuse
 *(.fuse)
 *(.lfuse)
 *(.hfuse)
 *(.efuse)

.lock
 *(.lock*)

.signature
 *(.signature*)

.user_signatures
 *(.user_signatures*)

.stab
 *(.stab)

.stabstr
 *(.stabstr)

.stab.excl
 *(.stab.excl)

.stab.exclstr
 *(.stab.exclstr)

.stab.index
 *(.stab.index)

.stab.indexstr
 *(.stab.indexstr)

.comment        0x0000000000000000       0x2f
 *(.comment)
 .comment       0x0000000000000000       0x2f main.o
                                         0x30 (size before relaxing)

.note.gnu.build-id
 *(.note.gnu.build-id)

.debug
 *(.debug)

.line
 *(.line)

.debug_srcinfo
 *(.debug_srcinfo)

.debug_sfnames
 *(.debug_sfnames)

.debug_aranges  0x0000000000000000      0x110
 *(.debug_aranges)
 .debug_aranges
                0x0000000000000000      0x110 main.o

.debug_pubnames
 *(.debug_pubnames)

.debug_info     0x0000000000000000     0x236d
 *(.debug_info .gnu.linkonce.wi.*)
 .debug_info    0x0000000000000000      0x5f4 C:/Program Files (x86)/Atmel/Studio/7.0/Packs/atmel/ATmega_DFP/1.6.364/xc8/avr/lib/avr5/memx-const/crtatmega328p.o
 .debug_info    0x00000000000005f4     0x1d79 main.o

.debug_abbrev   0x0000000000000000      0x73b
 *(.debug_abbrev)
 .debug_abbrev  0x0000000000000000      0x5a2 C:/Program Files (x86)/Atmel/Studio/7.0/Packs/atmel/ATmega_DFP/1.6.364/xc8/avr/lib/avr5/memx-const/crtatmega328p.o
 .debug_abbrev  0x00000000000005a2      0x199 main.o

.debug_line     0x0000000000000000     0x1105
 *(.debug_line .debug_line.* .debug_line_end)
 .debug_line    0x0000000000000000      0x137 C:/Program Files (x86)/Atmel/Studio/7.0/Packs/atmel/ATmega_DFP/1.6.364/xc8/avr/lib/avr5/memx-const/crtatmega328p.o
 .debug_line    0x0000000000000137      0xfce main.o

.debug_frame    0x0000000000000000      0x31c
 *(.debug_frame)
 .debug_frame   0x0000000000000000      0x31c main.o

.debug_str      0x0000000000000000      0x218
 *(.debug_str)
 .debug_str     0x0000000000000000      0x208 C:/Program Files (x86)/Atmel/Studio/7.0/Packs/atmel/ATmega_DFP/1.6.364/xc8/avr/lib/avr5/memx-const/crtatmega328p.o
 .debug_str     0x0000000000000208       0x10 main.o

.debug_loc      0x0000000000000000      0x679
 *(.debug_loc)
 .debug_loc     0x0000000000000000      0x679 main.o

.debug_macinfo
 *(.debug_macinfo)

.debug_weaknames
 *(.debug_weaknames)

.debug_funcnames
 *(.debug_funcnames)

.debug_typenames
 *(.debug_typenames)

.debug_varnames
 *(.debug_varnames)

.debug_pubtypes
 *(.debug_pubtypes)

.debug_ranges   0x0000000000000000      0x100
 *(.debug_ranges)
 .debug_ranges  0x0000000000000000      0x100 main.o

.debug_macro
 *(.debug_macro)
OUTPUT(LCD_matrix.elf elf32-avr)
LOAD linker stubs
LOAD data_init

.note.gnu.avr.deviceinfo
                0x0000000000000000       0x40
 .note.gnu.avr.deviceinfo
                0x0000000000000000       0x40 C:/Program Files (x86)/Atmel/Studio/7.0/Packs/atmel/ATmega_DFP/1.6.364/xc8/avr/lib/avr5/memx-const/crtatmega328p.o

.bss.state      0x000000000080013e        0x1
 .bss.state     0x000000000080013e        0x1 main.o
                0x000000000080013e                state

.bss.flag_p     0x0000000000800130        0x2
 .bss.flag_p    0x0000000000800130        0x2 main.o
                0x0000000000800130                flag_p

.bss.flag_D_sensor
                0x0000000000800132        0x2
 .bss.flag_D_sensor
                0x0000000000800132        0x2 main.o
                0x0000000000800132                flag_D_sensor

.bss.flag_sensor
                0x0000000000800134        0x2
 .bss.flag_sensor
                0x0000000000800134        0x2 main.o
                0x0000000000800134                flag_sensor

.bss.cont_b     0x0000000000800136        0x2
 .bss.cont_b    0x0000000000800136        0x2 main.o
                0x0000000000800136                cont_b

.bss.cont_a     0x0000000000800138        0x2
 .bss.cont_a    0x0000000000800138        0x2 main.o
                0x0000000000800138                cont_a

.bss.count_senha
                0x000000000080013a        0x2
 .bss.count_senha
                0x000000000080013a        0x2 main.o
                0x000000000080013a                count_senha

.bss.flag_a_senha
                0x000000000080013c        0x2
 .bss.flag_a_senha
                0x000000000080013c        0x2 main.o
                0x000000000080013c                flag_a_senha

.bss.x          0x000000000080012c        0x4
 .bss.x         0x000000000080012c        0x4 main.o
                0x000000000080012c                x

.progmemx.data  0x00000000000000f4       0xe4
 .progmemx.data
                0x00000000000000f4       0xe4 main.o

.text.__vector_2
                0x00000000000001d8     0x1210
 .text.__vector_2
                0x00000000000001d8     0x1210 main.o
                0x00000000000001d8                __vector_2

.text.verify_senhaA
                0x00000000000013e8      0x1ac
 .text.verify_senhaA
                0x00000000000013e8      0x1ac main.o
                0x00000000000013e8                verify_senhaA

.text.verify_senhaD
                0x0000000000001594      0x1ac
 .text.verify_senhaD
                0x0000000000001594      0x1ac main.o
                0x0000000000001594                verify_senhaD

.text.inicializa_display
                0x0000000000001740       0x9e
 .text.inicializa_display
                0x0000000000001740       0x9e main.o
                0x0000000000001740                inicializa_display

.text.verify_senhaM
                0x00000000000017de       0x74
 .text.verify_senhaM
                0x00000000000017de       0x74 main.o
                0x00000000000017de                verify_senhaM

.text.msg_h_sensores
                0x0000000000001852       0x66
 .text.msg_h_sensores
                0x0000000000001852       0x66 main.o
                0x0000000000001852                msg_h_sensores

.text.msg_d_sensores
                0x00000000000018b8       0x66
 .text.msg_d_sensores
                0x00000000000018b8       0x66 main.o
                0x00000000000018b8                msg_d_sensores

.text.msg_h_zona
                0x000000000000191e       0x66
 .text.msg_h_zona
                0x000000000000191e       0x66 main.o
                0x000000000000191e                msg_h_zona

.text.msg_d_zona
                0x0000000000001984       0x66
 .text.msg_d_zona
                0x0000000000001984       0x66 main.o
                0x0000000000001984                msg_d_zona

.text.msg_panico
                0x00000000000019ea       0x62
 .text.msg_panico
                0x00000000000019ea       0x62 main.o
                0x00000000000019ea                msg_panico

.text.main      0x0000000000001a4c       0x5e
 .text.main     0x0000000000001a4c       0x5e main.o
                0x0000000000001a4c                main

.text.msg_desativado
                0x0000000000001aaa       0x5c
 .text.msg_desativado
                0x0000000000001aaa       0x5c main.o
                0x0000000000001aaa                msg_desativado

.text.msg_ativado
                0x0000000000001b06       0x5c
 .text.msg_ativado
                0x0000000000001b06       0x5c main.o
                0x0000000000001b06                msg_ativado

.text.msg_programacao
                0x0000000000001b62       0x5c
 .text.msg_programacao
                0x0000000000001b62       0x5c main.o
                0x0000000000001b62                msg_programacao

.text.delay_ms  0x0000000000001bbe       0x54
 .text.delay_ms
                0x0000000000001bbe       0x54 main.o
                0x0000000000001bbe                delay_ms

.text.senha_arm
                0x0000000000001c12       0x52
 .text.senha_arm
                0x0000000000001c12       0x52 main.o
                0x0000000000001c12                senha_arm

.text.set_DDRAM_ADDR
                0x0000000000001c64       0x4e
 .text.set_DDRAM_ADDR
                0x0000000000001c64       0x4e main.o
                0x0000000000001c64                set_DDRAM_ADDR

.text.msg_inserir_senha
                0x0000000000001cb2       0x4e
 .text.msg_inserir_senha
                0x0000000000001cb2       0x4e main.o
                0x0000000000001cb2                msg_inserir_senha

.text.msg_altera_senha
                0x0000000000001d00       0x4e
 .text.msg_altera_senha
                0x0000000000001d00       0x4e main.o
                0x0000000000001d00                msg_altera_senha

.text.send_word_lcd
                0x0000000000001d4e       0x4c
 .text.send_word_lcd
                0x0000000000001d4e       0x4c main.o
                0x0000000000001d4e                send_word_lcd

.text.delay_ns  0x0000000000001d9a       0x48
 .text.delay_ns
                0x0000000000001d9a       0x48 main.o
                0x0000000000001d9a                delay_ns

.text.msg_restauracao
                0x0000000000001de2       0x44
 .text.msg_restauracao
                0x0000000000001de2       0x44 main.o
                0x0000000000001de2                msg_restauracao

.text.send_instruction_lcd
                0x0000000000001e26       0x40
 .text.send_instruction_lcd
                0x0000000000001e26       0x40 main.o
                0x0000000000001e26                send_instruction_lcd

.text.envia_frase
                0x0000000000001e66       0x2c
 .text.envia_frase
                0x0000000000001e66       0x2c main.o
                0x0000000000001e66                envia_frase

.text.hab_sensor
                0x0000000000001e92       0x26
 .text.hab_sensor
                0x0000000000001e92       0x26 main.o
                0x0000000000001e92                hab_sensor

.text.hab_zonas
                0x0000000000001eb8       0x26
 .text.hab_zonas
                0x0000000000001eb8       0x26 main.o
                0x0000000000001eb8                hab_zonas

.text.send_instruction_lcd_nibble
                0x0000000000001ede       0x20
 .text.send_instruction_lcd_nibble
                0x0000000000001ede       0x20 main.o
                0x0000000000001ede                send_instruction_lcd_nibble

.text.libgcc.mul
                0x0000000000001efe       0x1e
 .text.libgcc.mul
                0x0000000000001efe       0x1e c:/program files/microchip/xc8/v2.31/avr/bin/../lib/gcc/avr/5.4.0/avr5/memx-const\libgcc.a(_umulhisi3.o)
                0x0000000000001efe                __umulhisi3

.text.libgcc    0x0000000000001f1c       0x1a
 .text.libgcc   0x0000000000001f1c       0x1a c:/program files/microchip/xc8/v2.31/avr/bin/../lib/gcc/avr/5.4.0/avr5/memx-const\libgcc.a(_movmemx.o)
                0x0000000000001f1c                __movmemx_qi
                0x0000000000001f1e                __movmemx_hi

.text.libgcc.mul
                0x0000000000001f36       0x16
 .text.libgcc.mul
                0x0000000000001f36       0x16 c:/program files/microchip/xc8/v2.31/avr/bin/../lib/gcc/avr/5.4.0/avr5/memx-const\libgcc.a(_muluhisi3.o)
                0x0000000000001f36                __muluhisi3

.text.clear_Display
                0x0000000000001f4c       0x14
 .text.clear_Display
                0x0000000000001f4c       0x14 main.o
                0x0000000000001f4c                clear_Display

.text.insert_senha
                0x0000000000001f60       0x14
 .text.insert_senha
                0x0000000000001f60       0x14 main.o
                0x0000000000001f60                insert_senha

.text.init_int1
                0x0000000000001f74        0xc
 .text.init_int1
                0x0000000000001f74        0xc main.o
                0x0000000000001f74                init_int1

.text.libgcc    0x0000000000001f80        0xc
 .text.libgcc   0x0000000000001f80        0xc c:/program files/microchip/xc8/v2.31/avr/bin/../lib/gcc/avr/5.4.0/avr5/memx-const\libgcc.a(_tablejump2.o)
                0x0000000000001f80                __tablejump2__

.text           0x0000000000001f8c        0x4
 .text          0x0000000000001f8c        0x4 C:/Program Files (x86)/Atmel/Studio/7.0/Packs/atmel/ATmega_DFP/1.6.364/xc8/avr/lib/avr5/memx-const/crtatmega328p.o
                0x0000000000001f8c                __vector_22
                0x0000000000001f8c                __vector_1
                0x0000000000001f8c                __vector_24
                0x0000000000001f8c                __vector_12
                0x0000000000001f8c                __bad_interrupt
                0x0000000000001f8c                __vector_6
                0x0000000000001f8c                __vector_3
                0x0000000000001f8c                __vector_23
                0x0000000000001f8c                __vector_25
                0x0000000000001f8c                __vector_11
                0x0000000000001f8c                __vector_13
                0x0000000000001f8c                __vector_17
                0x0000000000001f8c                __vector_19
                0x0000000000001f8c                __vector_7
                0x0000000000001f8c                __vector_5
                0x0000000000001f8c                __vector_4
                0x0000000000001f8c                __vector_9
                0x0000000000001f8c                __vector_21
                0x0000000000001f8c                __vector_15
                0x0000000000001f8c                __vector_8
                0x0000000000001f8c                __vector_14
                0x0000000000001f8c                __vector_10
                0x0000000000001f8c                __vector_16
                0x0000000000001f8c                __vector_18
                0x0000000000001f8c                __vector_20

.data.senha3    0x0000000000800118        0x5 load address 0x0000000000001f90
 .data.senha3   0x0000000000800118        0x5 main.o
                0x0000000000800118                senha3

.data.senha2    0x000000000080011d        0x5 load address 0x0000000000001f95
 .data.senha2   0x000000000080011d        0x5 main.o
                0x000000000080011d                senha2

.data.senha1    0x0000000000800122        0x5 load address 0x0000000000001f9a
 .data.senha1   0x0000000000800122        0x5 main.o
                0x0000000000800122                senha1

.data.mestre    0x0000000000800127        0x5 load address 0x0000000000001f9f
 .data.mestre   0x0000000000800127        0x5 main.o
                0x0000000000800127                mestre
